Release 14.6 - xst P.68d (nt64)
Copyright (c) 1995-2013 Xilinx, Inc.  All rights reserved.
--> Parameter TMPDIR set to xst/projnav.tmp


Total REAL time to Xst completion: 0.00 secs
Total CPU time to Xst completion: 0.14 secs
 
--> Parameter xsthdpdir set to xst


Total REAL time to Xst completion: 0.00 secs
Total CPU time to Xst completion: 0.14 secs
 
--> Reading design: main.prj

TABLE OF CONTENTS
  1) Synthesis Options Summary
  2) HDL Compilation
  3) Design Hierarchy Analysis
  4) HDL Analysis
  5) HDL Synthesis
     5.1) HDL Synthesis Report
  6) Advanced HDL Synthesis
     6.1) Advanced HDL Synthesis Report
  7) Low Level Synthesis
  8) Partition Report
  9) Final Report
	9.1) Device utilization summary
	9.2) Partition Resource Summary
	9.3) TIMING REPORT


=========================================================================
*                      Synthesis Options Summary                        *
=========================================================================
---- Source Parameters
Input File Name                    : "main.prj"
Input Format                       : mixed
Ignore Synthesis Constraint File   : NO

---- Target Parameters
Output File Name                   : "main"
Output Format                      : NGC
Target Device                      : xc3s100e-5-tq144

---- Source Options
Top Module Name                    : main
Automatic FSM Extraction           : YES
FSM Encoding Algorithm             : Auto
Safe Implementation                : No
FSM Style                          : LUT
RAM Extraction                     : Yes
RAM Style                          : Auto
ROM Extraction                     : Yes
Mux Style                          : Auto
Decoder Extraction                 : YES
Priority Encoder Extraction        : Yes
Shift Register Extraction          : YES
Logical Shifter Extraction         : YES
XOR Collapsing                     : YES
ROM Style                          : Auto
Mux Extraction                     : Yes
Resource Sharing                   : YES
Asynchronous To Synchronous        : NO
Multiplier Style                   : Auto
Automatic Register Balancing       : No

---- Target Options
Add IO Buffers                     : YES
Global Maximum Fanout              : 500
Add Generic Clock Buffer(BUFG)     : 24
Register Duplication               : YES
Slice Packing                      : YES
Optimize Instantiated Primitives   : NO
Use Clock Enable                   : Yes
Use Synchronous Set                : Yes
Use Synchronous Reset              : Yes
Pack IO Registers into IOBs        : Auto
Equivalent register Removal        : YES

---- General Options
Optimization Goal                  : Speed
Optimization Effort                : 1
Keep Hierarchy                     : No
Netlist Hierarchy                  : As_Optimized
RTL Output                         : Yes
Global Optimization                : AllClockNets
Read Cores                         : YES
Write Timing Constraints           : NO
Cross Clock Analysis               : NO
Hierarchy Separator                : /
Bus Delimiter                      : <>
Case Specifier                     : Maintain
Slice Utilization Ratio            : 100
BRAM Utilization Ratio             : 100
Verilog 2001                       : YES
Auto BRAM Packing                  : NO
Slice Utilization Ratio Delta      : 5

---- Other Options
Cores Search Directories           : {"ipcore_dir"  }

=========================================================================


=========================================================================
*                          HDL Compilation                              *
=========================================================================
Compiling verilog file "tube.v" in library work
Compiling verilog file "ipcore_dir/fifo16x1024.v" in library work
Module <Tube> compiled
Compiling verilog file "main.v" in library work
Module <fifo16x1024> compiled
Module <main> compiled
No errors in compilation
Analysis of file <"main.prj"> succeeded.
 

=========================================================================
*                     Design Hierarchy Analysis                         *
=========================================================================
Analyzing hierarchy for module <main> in library <work>.

Analyzing hierarchy for module <Tube> in library <work>.


=========================================================================
*                            HDL Analysis                               *
=========================================================================
Analyzing top module <main>.
WARNING:Xst:2211 - "ipcore_dir/fifo16x1024.v" line 65: Instantiating black box module <fifo16x1024>.
Module <main> is correct for synthesis.
 
    Set user-defined property "INIT =  0" for instance <SCIN_LATCH> in unit <main>.
Analyzing module <Tube> in library <work>.
Module <Tube> is correct for synthesis.
 
    Set user-defined property "INIT =  0" for instance <TUBE_LATCH> in unit <Tube>.

=========================================================================
*                           HDL Synthesis                               *
=========================================================================

Performing bidirectional port resolution...
INFO:Xst:2679 - Register <din<3>> in unit <main> has a constant value of 0 during circuit operation. The register is replaced by logic.

Synthesizing Unit <Tube>.
    Related source file is "tube.v".
    Found 9-bit up counter for signal <cntr>.
    Summary:
	inferred   1 Counter(s).
Unit <Tube> synthesized.


Synthesizing Unit <main>.
    Related source file is "main.v".
    Register <din<1>> equivalent to <din<0>> has been removed
    Found 1-bit register for signal <CLR>.
    Found 32-bit up counter for signal <cntr>.
    Found 1-bit register for signal <din<0>>.
    Found 1-bit register for signal <din<2>>.
    Found 12-bit register for signal <din<4:15>>.
    Summary:
	inferred   1 Counter(s).
	inferred  15 D-type flip-flop(s).
Unit <main> synthesized.


=========================================================================
HDL Synthesis Report

Macro Statistics
# Counters                                             : 33
 32-bit up counter                                     : 1
 9-bit up counter                                      : 32
# Registers                                            : 15
 1-bit register                                        : 15

=========================================================================

=========================================================================
*                       Advanced HDL Synthesis                          *
=========================================================================

Reading core <ipcore_dir/fifo16x1024.ngc>.
Loading core <fifo16x1024> for timing and area information for instance <fifo>.

=========================================================================
Advanced HDL Synthesis Report

Macro Statistics
# Counters                                             : 33
 32-bit up counter                                     : 1
 9-bit up counter                                      : 32
# Registers                                            : 15
 Flip-Flops                                            : 15

=========================================================================

=========================================================================
*                         Low Level Synthesis                           *
=========================================================================
WARNING:Xst:2677 - Node <tube4B6/cntr_0> of sequential type is unconnected in block <main>.
WARNING:Xst:2677 - Node <tube4B7/cntr_0> of sequential type is unconnected in block <main>.
WARNING:Xst:2677 - Node <tube4B5/cntr_0> of sequential type is unconnected in block <main>.
WARNING:Xst:2677 - Node <tube4B4/cntr_0> of sequential type is unconnected in block <main>.
WARNING:Xst:2677 - Node <tube4B3/cntr_0> of sequential type is unconnected in block <main>.
WARNING:Xst:2677 - Node <tube4B2/cntr_0> of sequential type is unconnected in block <main>.
WARNING:Xst:2677 - Node <tube4B1/cntr_0> of sequential type is unconnected in block <main>.
WARNING:Xst:2677 - Node <tube4B0/cntr_0> of sequential type is unconnected in block <main>.
WARNING:Xst:2677 - Node <tube4A7/cntr_0> of sequential type is unconnected in block <main>.
WARNING:Xst:2677 - Node <tube4A6/cntr_0> of sequential type is unconnected in block <main>.
WARNING:Xst:2677 - Node <tube4A5/cntr_0> of sequential type is unconnected in block <main>.
WARNING:Xst:2677 - Node <tube4A4/cntr_0> of sequential type is unconnected in block <main>.
WARNING:Xst:2677 - Node <tube4A3/cntr_0> of sequential type is unconnected in block <main>.
WARNING:Xst:2677 - Node <tube4A2/cntr_0> of sequential type is unconnected in block <main>.
WARNING:Xst:2677 - Node <tube4A1/cntr_0> of sequential type is unconnected in block <main>.
WARNING:Xst:2677 - Node <tube3B7/cntr_0> of sequential type is unconnected in block <main>.
WARNING:Xst:2677 - Node <tube4A0/cntr_0> of sequential type is unconnected in block <main>.
WARNING:Xst:2677 - Node <tube3B6/cntr_0> of sequential type is unconnected in block <main>.
WARNING:Xst:2677 - Node <tube3B5/cntr_0> of sequential type is unconnected in block <main>.
WARNING:Xst:2677 - Node <tube3B4/cntr_0> of sequential type is unconnected in block <main>.
WARNING:Xst:2677 - Node <tube3B3/cntr_0> of sequential type is unconnected in block <main>.
WARNING:Xst:2677 - Node <tube3B2/cntr_0> of sequential type is unconnected in block <main>.
WARNING:Xst:2677 - Node <tube3B1/cntr_0> of sequential type is unconnected in block <main>.
WARNING:Xst:2677 - Node <tube3B0/cntr_0> of sequential type is unconnected in block <main>.
WARNING:Xst:2677 - Node <tube3A7/cntr_0> of sequential type is unconnected in block <main>.
WARNING:Xst:2677 - Node <tube3A6/cntr_0> of sequential type is unconnected in block <main>.
WARNING:Xst:2677 - Node <tube3A5/cntr_0> of sequential type is unconnected in block <main>.
WARNING:Xst:2677 - Node <tube3A4/cntr_0> of sequential type is unconnected in block <main>.
WARNING:Xst:2677 - Node <tube3A3/cntr_0> of sequential type is unconnected in block <main>.
WARNING:Xst:2677 - Node <tube3A2/cntr_0> of sequential type is unconnected in block <main>.
WARNING:Xst:2677 - Node <tube3A1/cntr_0> of sequential type is unconnected in block <main>.
WARNING:Xst:2677 - Node <tube3A0/cntr_0> of sequential type is unconnected in block <main>.

Optimizing unit <main> ...

Mapping all equations...
Building and optimizing final netlist ...
Found area constraint ratio of 100 (+ 5) on block main, actual ratio is 40.
INFO:Xst:2260 - The FF/Latch <U0/xst_fifo_generator/gconvfifo.rf/grf.rf/gntv_or_sync_fifo.gl0.rd/gras.rsts/ram_empty_fb_i> in Unit <fifo> is equivalent to the following FF/Latch : <U0/xst_fifo_generator/gconvfifo.rf/grf.rf/gntv_or_sync_fifo.gl0.rd/gras.rsts/ram_empty_i> 
INFO:Xst:2260 - The FF/Latch <U0/xst_fifo_generator/gconvfifo.rf/grf.rf/rstblk/wr_rst_reg_1> in Unit <fifo> is equivalent to the following FF/Latch : <U0/xst_fifo_generator/gconvfifo.rf/grf.rf/rstblk/wr_rst_reg_0> 
INFO:Xst:2260 - The FF/Latch <U0/xst_fifo_generator/gconvfifo.rf/grf.rf/gntv_or_sync_fifo.gl0.wr/gwas.wsts/ram_full_i> in Unit <fifo> is equivalent to the following FF/Latch : <U0/xst_fifo_generator/gconvfifo.rf/grf.rf/gntv_or_sync_fifo.gl0.wr/gwas.wsts/ram_full_fb_i> 
INFO:Xst:2260 - The FF/Latch <U0/xst_fifo_generator/gconvfifo.rf/grf.rf/rstblk/rd_rst_reg_2> in Unit <fifo> is equivalent to the following 2 FFs/Latches : <U0/xst_fifo_generator/gconvfifo.rf/grf.rf/rstblk/rd_rst_reg_1> <U0/xst_fifo_generator/gconvfifo.rf/grf.rf/rstblk/rd_rst_reg_0> 
INFO:Xst:2260 - The FF/Latch <U0/xst_fifo_generator/gconvfifo.rf/grf.rf/gntv_or_sync_fifo.gl0.rd/gras.rsts/ram_empty_fb_i> in Unit <fifo> is equivalent to the following FF/Latch : <U0/xst_fifo_generator/gconvfifo.rf/grf.rf/gntv_or_sync_fifo.gl0.rd/gras.rsts/ram_empty_i> 
INFO:Xst:2260 - The FF/Latch <U0/xst_fifo_generator/gconvfifo.rf/grf.rf/rstblk/wr_rst_reg_1> in Unit <fifo> is equivalent to the following FF/Latch : <U0/xst_fifo_generator/gconvfifo.rf/grf.rf/rstblk/wr_rst_reg_0> 
INFO:Xst:2260 - The FF/Latch <U0/xst_fifo_generator/gconvfifo.rf/grf.rf/gntv_or_sync_fifo.gl0.wr/gwas.wsts/ram_full_i> in Unit <fifo> is equivalent to the following FF/Latch : <U0/xst_fifo_generator/gconvfifo.rf/grf.rf/gntv_or_sync_fifo.gl0.wr/gwas.wsts/ram_full_fb_i> 
INFO:Xst:2260 - The FF/Latch <U0/xst_fifo_generator/gconvfifo.rf/grf.rf/rstblk/rd_rst_reg_2> in Unit <fifo> is equivalent to the following 2 FFs/Latches : <U0/xst_fifo_generator/gconvfifo.rf/grf.rf/rstblk/rd_rst_reg_1> <U0/xst_fifo_generator/gconvfifo.rf/grf.rf/rstblk/rd_rst_reg_0> 

Final Macro Processing ...

=========================================================================
Final Register Report

Macro Statistics
# Registers                                            : 303
 Flip-Flops                                            : 303

=========================================================================

=========================================================================
*                           Partition Report                            *
=========================================================================

Partition Implementation Status
-------------------------------

  No Partitions were found in this design.

-------------------------------

=========================================================================
*                            Final Report                               *
=========================================================================
Final Results
RTL Top Level Output File Name     : main.ngr
Top Level Output File Name         : main
Output Format                      : NGC
Optimization Goal                  : Speed
Keep Hierarchy                     : No

Design Statistics
# IOs                              : 55

Cell Usage :
# BELS                             : 1425
#      GND                         : 2
#      INV                         : 68
#      LUT1                        : 273
#      LUT2                        : 45
#      LUT2_D                      : 1
#      LUT2_L                      : 1
#      LUT3                        : 65
#      LUT3_D                      : 3
#      LUT4                        : 183
#      LUT4_D                      : 12
#      LUT4_L                      : 5
#      MUXCY                       : 445
#      MUXF5                       : 2
#      VCC                         : 2
#      XORCY                       : 318
# FlipFlops/Latches                : 496
#      FD                          : 13
#      FDC                         : 92
#      FDCE                        : 47
#      FDP                         : 12
#      FDPE                        : 5
#      FDRE                        : 288
#      FDS                         : 6
#      LDCE                        : 33
# RAMS                             : 1
#      RAMB16_S18_S18              : 1
# Clock Buffers                    : 3
#      BUFG                        : 2
#      BUFGP                       : 1
# IO Buffers                       : 54
#      IBUF                        : 35
#      OBUF                        : 19
=========================================================================

Device utilization summary:
---------------------------

Selected Device : 3s100etq144-5 

 Number of Slices:                      377  out of    960    39%  
 Number of Slice Flip Flops:            463  out of   1920    24%  
 Number of 4 input LUTs:                656  out of   1920    34%  
 Number of IOs:                          55
 Number of bonded IOBs:                  55  out of    108    50%  
    IOB Flip Flops:                      33
 Number of BRAMs:                         1  out of      4    25%  
 Number of GCLKs:                         3  out of     24    12%  

---------------------------
Partition Resource Summary:
---------------------------

  No Partitions were found in this design.

---------------------------


=========================================================================
TIMING REPORT

NOTE: THESE TIMING NUMBERS ARE ONLY A SYNTHESIS ESTIMATE.
      FOR ACCURATE TIMING INFORMATION PLEASE REFER TO THE TRACE REPORT
      GENERATED AFTER PLACE-and-ROUTE.

Clock Information:
------------------
-----------------------------------+-------------------------+-------+
Clock Signal                       | Clock buffer(FF name)   | Load  |
-----------------------------------+-------------------------+-------+
RD_CLK                             | BUFGP                   | 70    |
clk100                             | IBUF+BUFG               | 139   |
SCIN_LATCH_Q                       | NONE(SCIN_LATCH)        | 1     |
tube4B7/Q                          | NONE(tube4B7/TUBE_LATCH)| 1     |
tube4B6/Q                          | NONE(tube4B6/TUBE_LATCH)| 1     |
tube4B5/Q                          | NONE(tube4B5/TUBE_LATCH)| 1     |
tube4B4/Q                          | NONE(tube4B4/TUBE_LATCH)| 1     |
tube4B3/Q                          | NONE(tube4B3/TUBE_LATCH)| 1     |
tube4B2/Q                          | NONE(tube4B2/TUBE_LATCH)| 1     |
tube4B1/Q                          | NONE(tube4B1/TUBE_LATCH)| 1     |
tube4B0/Q                          | NONE(tube4B0/TUBE_LATCH)| 1     |
tube4A7/Q                          | NONE(tube4A7/TUBE_LATCH)| 1     |
tube4A6/Q                          | NONE(tube4A6/TUBE_LATCH)| 1     |
tube4A5/Q                          | NONE(tube4A5/TUBE_LATCH)| 1     |
tube4A4/Q                          | NONE(tube4A4/TUBE_LATCH)| 1     |
tube4A3/Q                          | NONE(tube4A3/TUBE_LATCH)| 1     |
tube4A2/Q                          | NONE(tube4A2/TUBE_LATCH)| 1     |
tube4A1/Q                          | NONE(tube4A1/TUBE_LATCH)| 1     |
tube4A0/Q                          | NONE(tube4A0/TUBE_LATCH)| 1     |
tube3B7/Q                          | NONE(tube3B7/TUBE_LATCH)| 1     |
tube3B6/Q                          | NONE(tube3B6/TUBE_LATCH)| 1     |
tube3B5/Q                          | NONE(tube3B5/TUBE_LATCH)| 1     |
tube3B4/Q                          | NONE(tube3B4/TUBE_LATCH)| 1     |
tube3B3/Q                          | NONE(tube3B3/TUBE_LATCH)| 1     |
tube3B2/Q                          | NONE(tube3B2/TUBE_LATCH)| 1     |
tube3B1/Q                          | NONE(tube3B1/TUBE_LATCH)| 1     |
tube3B0/Q                          | NONE(tube3B0/TUBE_LATCH)| 1     |
tube3A7/Q                          | NONE(tube3A7/TUBE_LATCH)| 1     |
tube3A6/Q                          | NONE(tube3A6/TUBE_LATCH)| 1     |
tube3A5/Q                          | NONE(tube3A5/TUBE_LATCH)| 1     |
tube3A4/Q                          | NONE(tube3A4/TUBE_LATCH)| 1     |
tube3A3/Q                          | NONE(tube3A3/TUBE_LATCH)| 1     |
tube3A2/Q                          | NONE(tube3A2/TUBE_LATCH)| 1     |
tube3A1/Q                          | NONE(tube3A1/TUBE_LATCH)| 1     |
tube3A0/Q                          | NONE(tube3A0/TUBE_LATCH)| 1     |
tubeclk1(tubeclk1:O)               | BUFG(*)(tube4B6/cntr_8) | 256   |
-----------------------------------+-------------------------+-------+
(*) This 1 clock signal(s) are generated by combinatorial logic,
and XST is not able to identify which are the primary clock signals.
Please use the CLOCK_SIGNAL constraint to specify the clock signal(s) generated by combinatorial logic.
INFO:Xst:2169 - HDL ADVISOR - Some clock signals were not automatically buffered by XST with BUFG/BUFR resources. Please use the buffer_type constraint in order to insert these buffers to the clock signals to help prevent skew problems.

Asynchronous Control Signals Information:
----------------------------------------
-----------------------------------------------------------------------------------------------------------------------------------------+-------------------------------------------------------------------------------------------------------------------+-------+
Control Signal                                                                                                                           | Buffer(FF name)                                                                                                   | Load  |
-----------------------------------------------------------------------------------------------------------------------------------------+-------------------------------------------------------------------------------------------------------------------+-------+
fifo/U0/xst_fifo_generator/gconvfifo.rf/grf.rf/rstblk/rd_rst_reg<1>(fifo/U0/xst_fifo_generator/gconvfifo.rf/grf.rf/rstblk/rd_rst_reg_1:Q)| NONE(fifo/U0/xst_fifo_generator/gconvfifo.rf/grf.rf/gntv_or_sync_fifo.gcx.clkx/gsync_stage[1].rd_stg_inst/Q_reg_0)| 40    |
fifo/U0/xst_fifo_generator/gconvfifo.rf/grf.rf/rstblk/wr_rst_reg<0>(fifo/U0/xst_fifo_generator/gconvfifo.rf/grf.rf/rstblk/wr_rst_reg_0:Q)| NONE(fifo/U0/xst_fifo_generator/gconvfifo.rf/grf.rf/gntv_or_sync_fifo.gcx.clkx/gsync_stage[1].wr_stg_inst/Q_reg_0)| 40    |
fifo/U0/xst_fifo_generator/gconvfifo.rf/grf.rf/rstblk/wr_rst_reg<1>(fifo/U0/xst_fifo_generator/gconvfifo.rf/grf.rf/rstblk/wr_rst_reg_1:Q)| NONE(fifo/U0/xst_fifo_generator/gconvfifo.rf/grf.rf/gntv_or_sync_fifo.gl0.wr/gwas.gwdc0.wdc/wr_data_count_i_0)    | 40    |
CLR(CLR:Q)                                                                                                                               | NONE(SCIN_LATCH)                                                                                                  | 33    |
fifo/U0/xst_fifo_generator/gconvfifo.rf/grf.rf/rstblk/rd_rst_reg<2>(fifo/U0/xst_fifo_generator/gconvfifo.rf/grf.rf/rstblk/rd_rst_reg_2:Q)| NONE(fifo/U0/xst_fifo_generator/gconvfifo.rf/grf.rf/gntv_or_sync_fifo.gl0.rd/gras.rsts/ram_empty_fb_i)            | 23    |
N0(XST_GND:G)                                                                                                                            | NONE(fifo/U0/xst_fifo_generator/gconvfifo.rf/grf.rf/rstblk/RST_FULL_GEN)                                          | 6     |
fifo/U0/xst_fifo_generator/gconvfifo.rf/grf.rf/rstblk/rd_rst_comb(fifo/U0/xst_fifo_generator/gconvfifo.rf/grf.rf/rstblk/rd_rst_comb1:O)  | NONE(fifo/U0/xst_fifo_generator/gconvfifo.rf/grf.rf/rstblk/rd_rst_reg_0)                                          | 3     |
fifo/U0/xst_fifo_generator/gconvfifo.rf/grf.rf/rstblk/rst_d2(fifo/U0/xst_fifo_generator/gconvfifo.rf/grf.rf/rstblk/rst_d2:Q)             | NONE(fifo/U0/xst_fifo_generator/gconvfifo.rf/grf.rf/gntv_or_sync_fifo.gl0.wr/gwas.wsts/ram_full_fb_i)             | 2     |
fifo/U0/xst_fifo_generator/gconvfifo.rf/grf.rf/rstblk/wr_rst_comb(fifo/U0/xst_fifo_generator/gconvfifo.rf/grf.rf/rstblk/wr_rst_comb1:O)  | NONE(fifo/U0/xst_fifo_generator/gconvfifo.rf/grf.rf/rstblk/wr_rst_reg_0)                                          | 2     |
-----------------------------------------------------------------------------------------------------------------------------------------+-------------------------------------------------------------------------------------------------------------------+-------+

Timing Summary:
---------------
Speed Grade: -5

   Minimum period: 6.359ns (Maximum Frequency: 157.261MHz)
   Minimum input arrival time before clock: 4.312ns
   Maximum output required time after clock: 5.962ns
   Maximum combinational path delay: No path found

Timing Detail:
--------------
All values displayed in nanoseconds (ns)

=========================================================================
Timing constraint: Default period analysis for Clock 'RD_CLK'
  Clock period: 4.078ns (frequency: 245.218MHz)
  Total number of paths / destination ports: 268 / 88
-------------------------------------------------------------------------
Delay:               4.078ns (Levels of Logic = 3)
  Source:            fifo/U0/xst_fifo_generator/gconvfifo.rf/grf.rf/gntv_or_sync_fifo.gcx.clkx/gsync_stage[2].rd_stg_inst/Q_reg_6 (FF)
  Destination:       fifo/U0/xst_fifo_generator/gconvfifo.rf/grf.rf/gntv_or_sync_fifo.gcx.clkx/wr_pntr_bin_1 (FF)
  Source Clock:      RD_CLK rising
  Destination Clock: RD_CLK rising

  Data Path: fifo/U0/xst_fifo_generator/gconvfifo.rf/grf.rf/gntv_or_sync_fifo.gcx.clkx/gsync_stage[2].rd_stg_inst/Q_reg_6 to fifo/U0/xst_fifo_generator/gconvfifo.rf/grf.rf/gntv_or_sync_fifo.gcx.clkx/wr_pntr_bin_1
                                Gate     Net
    Cell:in->out      fanout   Delay   Delay  Logical Name (Net Name)
    ----------------------------------------  ------------
     FDC:C->Q              1   0.514   0.509  U0/xst_fifo_generator/gconvfifo.rf/grf.rf/gntv_or_sync_fifo.gcx.clkx/gsync_stage[2].rd_stg_inst/Q_reg_6 (U0/xst_fifo_generator/gconvfifo.rf/grf.rf/gntv_or_sync_fifo.gcx.clkx/gsync_stage[2].rd_stg_inst/Q_reg<6>)
     LUT4:I0->O            5   0.612   0.541  U0/xst_fifo_generator/gconvfifo.rf/grf.rf/gntv_or_sync_fifo.gcx.clkx/wr_pntr_bin_xor00021 (U0/xst_fifo_generator/gconvfifo.rf/grf.rf/gntv_or_sync_fifo.gcx.clkx/wr_pntr_bin_xor0002)
     LUT4_D:I3->O          2   0.612   0.410  U0/xst_fifo_generator/gconvfifo.rf/grf.rf/gntv_or_sync_fifo.gcx.clkx/wr_pntr_bin_xor000611 (U0/xst_fifo_generator/gconvfifo.rf/grf.rf/gntv_or_sync_fifo.gcx.clkx/wr_pntr_bin_xor0006_bdd0)
     LUT3:I2->O            1   0.612   0.000  U0/xst_fifo_generator/gconvfifo.rf/grf.rf/gntv_or_sync_fifo.gcx.clkx/wr_pntr_bin_xor00071 (U0/xst_fifo_generator/gconvfifo.rf/grf.rf/gntv_or_sync_fifo.gcx.clkx/wr_pntr_bin_xor0007)
     FDC:D                     0.268          U0/xst_fifo_generator/gconvfifo.rf/grf.rf/gntv_or_sync_fifo.gcx.clkx/wr_pntr_bin_1
    ----------------------------------------
    Total                      4.078ns (2.618ns logic, 1.460ns route)
                                       (64.2% logic, 35.8% route)

=========================================================================
Timing constraint: Default period analysis for Clock 'clk100'
  Clock period: 6.359ns (frequency: 157.261MHz)
  Total number of paths / destination ports: 4453 / 220
-------------------------------------------------------------------------
Delay:               6.359ns (Levels of Logic = 18)
  Source:            cntr_4 (FF)
  Destination:       din_10 (FF)
  Source Clock:      clk100 rising
  Destination Clock: clk100 rising

  Data Path: cntr_4 to din_10
                                Gate     Net
    Cell:in->out      fanout   Delay   Delay  Logical Name (Net Name)
    ----------------------------------------  ------------
     FDRE:C->Q            29   0.514   1.224  cntr_4 (cntr_4)
     LUT4_D:I0->O          3   0.612   0.481  din_8_cmp_eq001711 (N34)
     LUT3:I2->O            8   0.612   0.673  din_8_cmp_eq00181 (din_8_cmp_eq0018)
     LUT4:I2->O            1   0.612   0.000  din_8_mux0000_wg_lut<2> (din_8_mux0000_wg_lut<2>)
     MUXCY:S->O            1   0.404   0.000  din_8_mux0000_wg_cy<2> (din_8_mux0000_wg_cy<2>)
     MUXCY:CI->O           1   0.051   0.000  din_8_mux0000_wg_cy<3> (din_8_mux0000_wg_cy<3>)
     MUXCY:CI->O           1   0.051   0.000  din_8_mux0000_wg_cy<4> (din_8_mux0000_wg_cy<4>)
     MUXCY:CI->O           1   0.051   0.000  din_8_mux0000_wg_cy<5> (din_8_mux0000_wg_cy<5>)
     MUXCY:CI->O           1   0.051   0.000  din_8_mux0000_wg_cy<6> (din_8_mux0000_wg_cy<6>)
     MUXCY:CI->O           1   0.052   0.000  din_8_mux0000_wg_cy<7> (din_8_mux0000_wg_cy<7>)
     MUXCY:CI->O           1   0.052   0.000  din_8_mux0000_wg_cy<8> (din_8_mux0000_wg_cy<8>)
     MUXCY:CI->O           1   0.052   0.000  din_8_mux0000_wg_cy<9> (din_8_mux0000_wg_cy<9>)
     MUXCY:CI->O           1   0.052   0.000  din_8_mux0000_wg_cy<10> (din_8_mux0000_wg_cy<10>)
     MUXCY:CI->O           1   0.052   0.000  din_8_mux0000_wg_cy<11> (din_8_mux0000_wg_cy<11>)
     MUXCY:CI->O           1   0.052   0.000  din_8_mux0000_wg_cy<12> (din_8_mux0000_wg_cy<12>)
     MUXCY:CI->O           1   0.052   0.000  din_8_mux0000_wg_cy<13> (din_8_mux0000_wg_cy<13>)
     MUXCY:CI->O           1   0.052   0.000  din_8_mux0000_wg_cy<14> (din_8_mux0000_wg_cy<14>)
     MUXCY:CI->O           1   0.052   0.000  din_8_mux0000_wg_cy<15> (din_8_mux0000_wg_cy<15>)
     MUXCY:CI->O           1   0.289   0.000  din_8_mux0000_wg_cy<16> (din_8_mux0000)
     FD:D                      0.268          din_8
    ----------------------------------------
    Total                      6.359ns (3.980ns logic, 2.379ns route)
                                       (62.6% logic, 37.4% route)

=========================================================================
Timing constraint: Default period analysis for Clock 'tubeclk1'
  Clock period: 3.286ns (frequency: 304.280MHz)
  Total number of paths / destination ports: 1152 / 256
-------------------------------------------------------------------------
Delay:               3.286ns (Levels of Logic = 8)
  Source:            tube4B6/cntr_7 (FF)
  Destination:       tube4B6/cntr_1 (FF)
  Source Clock:      tubeclk1 rising
  Destination Clock: tubeclk1 rising

  Data Path: tube4B6/cntr_7 to tube4B6/cntr_1
                                Gate     Net
    Cell:in->out      fanout   Delay   Delay  Logical Name (Net Name)
    ----------------------------------------  ------------
     FDRE:C->Q             2   0.514   0.532  tube4B6/cntr_7 (tube4B6/cntr_7)
     LUT1:I0->O            1   0.612   0.000  tube4B6/Mcount_cntr_cy<1>_rt (tube4B6/Mcount_cntr_cy<1>_rt)
     MUXCY:S->O            1   0.404   0.000  tube4B6/Mcount_cntr_cy<1> (tube4B6/Mcount_cntr_cy<1>)
     MUXCY:CI->O           1   0.051   0.000  tube4B6/Mcount_cntr_cy<2> (tube4B6/Mcount_cntr_cy<2>)
     MUXCY:CI->O           1   0.051   0.000  tube4B6/Mcount_cntr_cy<3> (tube4B6/Mcount_cntr_cy<3>)
     MUXCY:CI->O           1   0.051   0.000  tube4B6/Mcount_cntr_cy<4> (tube4B6/Mcount_cntr_cy<4>)
     MUXCY:CI->O           1   0.051   0.000  tube4B6/Mcount_cntr_cy<5> (tube4B6/Mcount_cntr_cy<5>)
     MUXCY:CI->O           0   0.051   0.000  tube4B6/Mcount_cntr_cy<6> (tube4B6/Mcount_cntr_cy<6>)
     XORCY:CI->O           1   0.699   0.000  tube4B6/Mcount_cntr_xor<7> (Result<7>)
     FDRE:D                    0.268          tube4B6/cntr_1
    ----------------------------------------
    Total                      3.286ns (2.755ns logic, 0.532ns route)
                                       (83.8% logic, 16.2% route)

=========================================================================
Timing constraint: Default OFFSET IN BEFORE for Clock 'RD_CLK'
  Total number of paths / destination ports: 24 / 24
-------------------------------------------------------------------------
Offset:              4.312ns (Levels of Logic = 4)
  Source:            RD_EN (PAD)
  Destination:       fifo/U0/xst_fifo_generator/gconvfifo.rf/grf.rf/gntv_or_sync_fifo.gl0.rd/gras.rsts/ram_empty_fb_i (FF)
  Destination Clock: RD_CLK rising

  Data Path: RD_EN to fifo/U0/xst_fifo_generator/gconvfifo.rf/grf.rf/gntv_or_sync_fifo.gl0.rd/gras.rsts/ram_empty_fb_i
                                Gate     Net
    Cell:in->out      fanout   Delay   Delay  Logical Name (Net Name)
    ----------------------------------------  ------------
     IBUF:I->O             3   1.106   0.603  RD_EN_IBUF (RD_EN_IBUF)
     begin scope: 'fifo'
     LUT2:I0->O           21   0.612   1.111  U0/xst_fifo_generator/gconvfifo.rf/grf.rf/gntv_or_sync_fifo.gl0.rd/ram_rd_en_i1 (U0/xst_fifo_generator/gconvfifo.rf/grf.rf/ram_rd_en)
     LUT3:I0->O            2   0.612   0.000  U0/xst_fifo_generator/gconvfifo.rf/grf.rf/gntv_or_sync_fifo.gl0.rd/gras.rsts/ram_empty_fb_i_or00001 (U0/xst_fifo_generator/gconvfifo.rf/grf.rf/gntv_or_sync_fifo.gl0.rd/gras.rsts/ram_empty_fb_i_or0000)
     FDP:D                     0.268          U0/xst_fifo_generator/gconvfifo.rf/grf.rf/gntv_or_sync_fifo.gl0.rd/gras.rsts/ram_empty_fb_i
    ----------------------------------------
    Total                      4.312ns (2.598ns logic, 1.714ns route)
                                       (60.2% logic, 39.8% route)

=========================================================================
Timing constraint: Default OFFSET IN BEFORE for Clock 'SCIN_LATCH_Q'
  Total number of paths / destination ports: 1 / 1
-------------------------------------------------------------------------
Offset:              1.731ns (Levels of Logic = 1)
  Source:            SCIN_COIN (PAD)
  Destination:       SCIN_LATCH (LATCH)
  Destination Clock: SCIN_LATCH_Q rising

  Data Path: SCIN_COIN to SCIN_LATCH
                                Gate     Net
    Cell:in->out      fanout   Delay   Delay  Logical Name (Net Name)
    ----------------------------------------  ------------
     IBUF:I->O             1   1.106   0.357  SCIN_COIN_IBUF (SCIN_COIN_IBUF)
     LDCE:D                    0.268          SCIN_LATCH
    ----------------------------------------
    Total                      1.731ns (1.374ns logic, 0.357ns route)
                                       (79.4% logic, 20.6% route)

=========================================================================
Timing constraint: Default OFFSET IN BEFORE for Clock 'tube4B7/Q'
  Total number of paths / destination ports: 1 / 1
-------------------------------------------------------------------------
Offset:              1.731ns (Levels of Logic = 1)
  Source:            TUBE4B<7> (PAD)
  Destination:       tube4B7/TUBE_LATCH (LATCH)
  Destination Clock: tube4B7/Q rising

  Data Path: TUBE4B<7> to tube4B7/TUBE_LATCH
                                Gate     Net
    Cell:in->out      fanout   Delay   Delay  Logical Name (Net Name)
    ----------------------------------------  ------------
     IBUF:I->O             1   1.106   0.357  TUBE4B_7_IBUF (TUBE4B_7_IBUF)
     LDCE:D                    0.268          tube4B7/TUBE_LATCH
    ----------------------------------------
    Total                      1.731ns (1.374ns logic, 0.357ns route)
                                       (79.4% logic, 20.6% route)

=========================================================================
Timing constraint: Default OFFSET IN BEFORE for Clock 'tube4B6/Q'
  Total number of paths / destination ports: 1 / 1
-------------------------------------------------------------------------
Offset:              1.731ns (Levels of Logic = 1)
  Source:            TUBE4B<6> (PAD)
  Destination:       tube4B6/TUBE_LATCH (LATCH)
  Destination Clock: tube4B6/Q rising

  Data Path: TUBE4B<6> to tube4B6/TUBE_LATCH
                                Gate     Net
    Cell:in->out      fanout   Delay   Delay  Logical Name (Net Name)
    ----------------------------------------  ------------
     IBUF:I->O             1   1.106   0.357  TUBE4B_6_IBUF (TUBE4B_6_IBUF)
     LDCE:D                    0.268          tube4B6/TUBE_LATCH
    ----------------------------------------
    Total                      1.731ns (1.374ns logic, 0.357ns route)
                                       (79.4% logic, 20.6% route)

=========================================================================
Timing constraint: Default OFFSET IN BEFORE for Clock 'tube4B5/Q'
  Total number of paths / destination ports: 1 / 1
-------------------------------------------------------------------------
Offset:              1.731ns (Levels of Logic = 1)
  Source:            TUBE4B<5> (PAD)
  Destination:       tube4B5/TUBE_LATCH (LATCH)
  Destination Clock: tube4B5/Q rising

  Data Path: TUBE4B<5> to tube4B5/TUBE_LATCH
                                Gate     Net
    Cell:in->out      fanout   Delay   Delay  Logical Name (Net Name)
    ----------------------------------------  ------------
     IBUF:I->O             1   1.106   0.357  TUBE4B_5_IBUF (TUBE4B_5_IBUF)
     LDCE:D                    0.268          tube4B5/TUBE_LATCH
    ----------------------------------------
    Total                      1.731ns (1.374ns logic, 0.357ns route)
                                       (79.4% logic, 20.6% route)

=========================================================================
Timing constraint: Default OFFSET IN BEFORE for Clock 'tube4B4/Q'
  Total number of paths / destination ports: 1 / 1
-------------------------------------------------------------------------
Offset:              1.731ns (Levels of Logic = 1)
  Source:            TUBE4B<4> (PAD)
  Destination:       tube4B4/TUBE_LATCH (LATCH)
  Destination Clock: tube4B4/Q rising

  Data Path: TUBE4B<4> to tube4B4/TUBE_LATCH
                                Gate     Net
    Cell:in->out      fanout   Delay   Delay  Logical Name (Net Name)
    ----------------------------------------  ------------
     IBUF:I->O             1   1.106   0.357  TUBE4B_4_IBUF (TUBE4B_4_IBUF)
     LDCE:D                    0.268          tube4B4/TUBE_LATCH
    ----------------------------------------
    Total                      1.731ns (1.374ns logic, 0.357ns route)
                                       (79.4% logic, 20.6% route)

=========================================================================
Timing constraint: Default OFFSET IN BEFORE for Clock 'tube4B3/Q'
  Total number of paths / destination ports: 1 / 1
-------------------------------------------------------------------------
Offset:              1.731ns (Levels of Logic = 1)
  Source:            TUBE4B<3> (PAD)
  Destination:       tube4B3/TUBE_LATCH (LATCH)
  Destination Clock: tube4B3/Q rising

  Data Path: TUBE4B<3> to tube4B3/TUBE_LATCH
                                Gate     Net
    Cell:in->out      fanout   Delay   Delay  Logical Name (Net Name)
    ----------------------------------------  ------------
     IBUF:I->O             1   1.106   0.357  TUBE4B_3_IBUF (TUBE4B_3_IBUF)
     LDCE:D                    0.268          tube4B3/TUBE_LATCH
    ----------------------------------------
    Total                      1.731ns (1.374ns logic, 0.357ns route)
                                       (79.4% logic, 20.6% route)

=========================================================================
Timing constraint: Default OFFSET IN BEFORE for Clock 'tube4B2/Q'
  Total number of paths / destination ports: 1 / 1
-------------------------------------------------------------------------
Offset:              1.731ns (Levels of Logic = 1)
  Source:            TUBE4B<2> (PAD)
  Destination:       tube4B2/TUBE_LATCH (LATCH)
  Destination Clock: tube4B2/Q rising

  Data Path: TUBE4B<2> to tube4B2/TUBE_LATCH
                                Gate     Net
    Cell:in->out      fanout   Delay   Delay  Logical Name (Net Name)
    ----------------------------------------  ------------
     IBUF:I->O             1   1.106   0.357  TUBE4B_2_IBUF (TUBE4B_2_IBUF)
     LDCE:D                    0.268          tube4B2/TUBE_LATCH
    ----------------------------------------
    Total                      1.731ns (1.374ns logic, 0.357ns route)
                                       (79.4% logic, 20.6% route)

=========================================================================
Timing constraint: Default OFFSET IN BEFORE for Clock 'tube4B1/Q'
  Total number of paths / destination ports: 1 / 1
-------------------------------------------------------------------------
Offset:              1.731ns (Levels of Logic = 1)
  Source:            TUBE4B<1> (PAD)
  Destination:       tube4B1/TUBE_LATCH (LATCH)
  Destination Clock: tube4B1/Q rising

  Data Path: TUBE4B<1> to tube4B1/TUBE_LATCH
                                Gate     Net
    Cell:in->out      fanout   Delay   Delay  Logical Name (Net Name)
    ----------------------------------------  ------------
     IBUF:I->O             1   1.106   0.357  TUBE4B_1_IBUF (TUBE4B_1_IBUF)
     LDCE:D                    0.268          tube4B1/TUBE_LATCH
    ----------------------------------------
    Total                      1.731ns (1.374ns logic, 0.357ns route)
                                       (79.4% logic, 20.6% route)

=========================================================================
Timing constraint: Default OFFSET IN BEFORE for Clock 'tube4B0/Q'
  Total number of paths / destination ports: 1 / 1
-------------------------------------------------------------------------
Offset:              1.731ns (Levels of Logic = 1)
  Source:            TUBE4B<0> (PAD)
  Destination:       tube4B0/TUBE_LATCH (LATCH)
  Destination Clock: tube4B0/Q rising

  Data Path: TUBE4B<0> to tube4B0/TUBE_LATCH
                                Gate     Net
    Cell:in->out      fanout   Delay   Delay  Logical Name (Net Name)
    ----------------------------------------  ------------
     IBUF:I->O             1   1.106   0.357  TUBE4B_0_IBUF (TUBE4B_0_IBUF)
     LDCE:D                    0.268          tube4B0/TUBE_LATCH
    ----------------------------------------
    Total                      1.731ns (1.374ns logic, 0.357ns route)
                                       (79.4% logic, 20.6% route)

=========================================================================
Timing constraint: Default OFFSET IN BEFORE for Clock 'tube4A7/Q'
  Total number of paths / destination ports: 1 / 1
-------------------------------------------------------------------------
Offset:              1.731ns (Levels of Logic = 1)
  Source:            TUBE4A<7> (PAD)
  Destination:       tube4A7/TUBE_LATCH (LATCH)
  Destination Clock: tube4A7/Q rising

  Data Path: TUBE4A<7> to tube4A7/TUBE_LATCH
                                Gate     Net
    Cell:in->out      fanout   Delay   Delay  Logical Name (Net Name)
    ----------------------------------------  ------------
     IBUF:I->O             1   1.106   0.357  TUBE4A_7_IBUF (TUBE4A_7_IBUF)
     LDCE:D                    0.268          tube4A7/TUBE_LATCH
    ----------------------------------------
    Total                      1.731ns (1.374ns logic, 0.357ns route)
                                       (79.4% logic, 20.6% route)

=========================================================================
Timing constraint: Default OFFSET IN BEFORE for Clock 'tube4A6/Q'
  Total number of paths / destination ports: 1 / 1
-------------------------------------------------------------------------
Offset:              1.731ns (Levels of Logic = 1)
  Source:            TUBE4A<6> (PAD)
  Destination:       tube4A6/TUBE_LATCH (LATCH)
  Destination Clock: tube4A6/Q rising

  Data Path: TUBE4A<6> to tube4A6/TUBE_LATCH
                                Gate     Net
    Cell:in->out      fanout   Delay   Delay  Logical Name (Net Name)
    ----------------------------------------  ------------
     IBUF:I->O             1   1.106   0.357  TUBE4A_6_IBUF (TUBE4A_6_IBUF)
     LDCE:D                    0.268          tube4A6/TUBE_LATCH
    ----------------------------------------
    Total                      1.731ns (1.374ns logic, 0.357ns route)
                                       (79.4% logic, 20.6% route)

=========================================================================
Timing constraint: Default OFFSET IN BEFORE for Clock 'tube4A5/Q'
  Total number of paths / destination ports: 1 / 1
-------------------------------------------------------------------------
Offset:              1.731ns (Levels of Logic = 1)
  Source:            TUBE4A<5> (PAD)
  Destination:       tube4A5/TUBE_LATCH (LATCH)
  Destination Clock: tube4A5/Q rising

  Data Path: TUBE4A<5> to tube4A5/TUBE_LATCH
                                Gate     Net
    Cell:in->out      fanout   Delay   Delay  Logical Name (Net Name)
    ----------------------------------------  ------------
     IBUF:I->O             1   1.106   0.357  TUBE4A_5_IBUF (TUBE4A_5_IBUF)
     LDCE:D                    0.268          tube4A5/TUBE_LATCH
    ----------------------------------------
    Total                      1.731ns (1.374ns logic, 0.357ns route)
                                       (79.4% logic, 20.6% route)

=========================================================================
Timing constraint: Default OFFSET IN BEFORE for Clock 'tube4A4/Q'
  Total number of paths / destination ports: 1 / 1
-------------------------------------------------------------------------
Offset:              1.731ns (Levels of Logic = 1)
  Source:            TUBE4A<4> (PAD)
  Destination:       tube4A4/TUBE_LATCH (LATCH)
  Destination Clock: tube4A4/Q rising

  Data Path: TUBE4A<4> to tube4A4/TUBE_LATCH
                                Gate     Net
    Cell:in->out      fanout   Delay   Delay  Logical Name (Net Name)
    ----------------------------------------  ------------
     IBUF:I->O             1   1.106   0.357  TUBE4A_4_IBUF (TUBE4A_4_IBUF)
     LDCE:D                    0.268          tube4A4/TUBE_LATCH
    ----------------------------------------
    Total                      1.731ns (1.374ns logic, 0.357ns route)
                                       (79.4% logic, 20.6% route)

=========================================================================
Timing constraint: Default OFFSET IN BEFORE for Clock 'tube4A3/Q'
  Total number of paths / destination ports: 1 / 1
-------------------------------------------------------------------------
Offset:              1.731ns (Levels of Logic = 1)
  Source:            TUBE4A<3> (PAD)
  Destination:       tube4A3/TUBE_LATCH (LATCH)
  Destination Clock: tube4A3/Q rising

  Data Path: TUBE4A<3> to tube4A3/TUBE_LATCH
                                Gate     Net
    Cell:in->out      fanout   Delay   Delay  Logical Name (Net Name)
    ----------------------------------------  ------------
     IBUF:I->O             1   1.106   0.357  TUBE4A_3_IBUF (TUBE4A_3_IBUF)
     LDCE:D                    0.268          tube4A3/TUBE_LATCH
    ----------------------------------------
    Total                      1.731ns (1.374ns logic, 0.357ns route)
                                       (79.4% logic, 20.6% route)

=========================================================================
Timing constraint: Default OFFSET IN BEFORE for Clock 'tube4A2/Q'
  Total number of paths / destination ports: 1 / 1
-------------------------------------------------------------------------
Offset:              1.731ns (Levels of Logic = 1)
  Source:            TUBE4A<2> (PAD)
  Destination:       tube4A2/TUBE_LATCH (LATCH)
  Destination Clock: tube4A2/Q rising

  Data Path: TUBE4A<2> to tube4A2/TUBE_LATCH
                                Gate     Net
    Cell:in->out      fanout   Delay   Delay  Logical Name (Net Name)
    ----------------------------------------  ------------
     IBUF:I->O             1   1.106   0.357  TUBE4A_2_IBUF (TUBE4A_2_IBUF)
     LDCE:D                    0.268          tube4A2/TUBE_LATCH
    ----------------------------------------
    Total                      1.731ns (1.374ns logic, 0.357ns route)
                                       (79.4% logic, 20.6% route)

=========================================================================
Timing constraint: Default OFFSET IN BEFORE for Clock 'tube4A1/Q'
  Total number of paths / destination ports: 1 / 1
-------------------------------------------------------------------------
Offset:              1.731ns (Levels of Logic = 1)
  Source:            TUBE4A<1> (PAD)
  Destination:       tube4A1/TUBE_LATCH (LATCH)
  Destination Clock: tube4A1/Q rising

  Data Path: TUBE4A<1> to tube4A1/TUBE_LATCH
                                Gate     Net
    Cell:in->out      fanout   Delay   Delay  Logical Name (Net Name)
    ----------------------------------------  ------------
     IBUF:I->O             1   1.106   0.357  TUBE4A_1_IBUF (TUBE4A_1_IBUF)
     LDCE:D                    0.268          tube4A1/TUBE_LATCH
    ----------------------------------------
    Total                      1.731ns (1.374ns logic, 0.357ns route)
                                       (79.4% logic, 20.6% route)

=========================================================================
Timing constraint: Default OFFSET IN BEFORE for Clock 'tube4A0/Q'
  Total number of paths / destination ports: 1 / 1
-------------------------------------------------------------------------
Offset:              1.731ns (Levels of Logic = 1)
  Source:            TUBE4A<0> (PAD)
  Destination:       tube4A0/TUBE_LATCH (LATCH)
  Destination Clock: tube4A0/Q rising

  Data Path: TUBE4A<0> to tube4A0/TUBE_LATCH
                                Gate     Net
    Cell:in->out      fanout   Delay   Delay  Logical Name (Net Name)
    ----------------------------------------  ------------
     IBUF:I->O             1   1.106   0.357  TUBE4A_0_IBUF (TUBE4A_0_IBUF)
     LDCE:D                    0.268          tube4A0/TUBE_LATCH
    ----------------------------------------
    Total                      1.731ns (1.374ns logic, 0.357ns route)
                                       (79.4% logic, 20.6% route)

=========================================================================
Timing constraint: Default OFFSET IN BEFORE for Clock 'tube3B7/Q'
  Total number of paths / destination ports: 1 / 1
-------------------------------------------------------------------------
Offset:              1.731ns (Levels of Logic = 1)
  Source:            TUBE3B<7> (PAD)
  Destination:       tube3B7/TUBE_LATCH (LATCH)
  Destination Clock: tube3B7/Q rising

  Data Path: TUBE3B<7> to tube3B7/TUBE_LATCH
                                Gate     Net
    Cell:in->out      fanout   Delay   Delay  Logical Name (Net Name)
    ----------------------------------------  ------------
     IBUF:I->O             1   1.106   0.357  TUBE3B_7_IBUF (TUBE3B_7_IBUF)
     LDCE:D                    0.268          tube3B7/TUBE_LATCH
    ----------------------------------------
    Total                      1.731ns (1.374ns logic, 0.357ns route)
                                       (79.4% logic, 20.6% route)

=========================================================================
Timing constraint: Default OFFSET IN BEFORE for Clock 'tube3B6/Q'
  Total number of paths / destination ports: 1 / 1
-------------------------------------------------------------------------
Offset:              1.731ns (Levels of Logic = 1)
  Source:            TUBE3B<6> (PAD)
  Destination:       tube3B6/TUBE_LATCH (LATCH)
  Destination Clock: tube3B6/Q rising

  Data Path: TUBE3B<6> to tube3B6/TUBE_LATCH
                                Gate     Net
    Cell:in->out      fanout   Delay   Delay  Logical Name (Net Name)
    ----------------------------------------  ------------
     IBUF:I->O             1   1.106   0.357  TUBE3B_6_IBUF (TUBE3B_6_IBUF)
     LDCE:D                    0.268          tube3B6/TUBE_LATCH
    ----------------------------------------
    Total                      1.731ns (1.374ns logic, 0.357ns route)
                                       (79.4% logic, 20.6% route)

=========================================================================
Timing constraint: Default OFFSET IN BEFORE for Clock 'tube3B5/Q'
  Total number of paths / destination ports: 1 / 1
-------------------------------------------------------------------------
Offset:              1.731ns (Levels of Logic = 1)
  Source:            TUBE3B<5> (PAD)
  Destination:       tube3B5/TUBE_LATCH (LATCH)
  Destination Clock: tube3B5/Q rising

  Data Path: TUBE3B<5> to tube3B5/TUBE_LATCH
                                Gate     Net
    Cell:in->out      fanout   Delay   Delay  Logical Name (Net Name)
    ----------------------------------------  ------------
     IBUF:I->O             1   1.106   0.357  TUBE3B_5_IBUF (TUBE3B_5_IBUF)
     LDCE:D                    0.268          tube3B5/TUBE_LATCH
    ----------------------------------------
    Total                      1.731ns (1.374ns logic, 0.357ns route)
                                       (79.4% logic, 20.6% route)

=========================================================================
Timing constraint: Default OFFSET IN BEFORE for Clock 'tube3B4/Q'
  Total number of paths / destination ports: 1 / 1
-------------------------------------------------------------------------
Offset:              1.731ns (Levels of Logic = 1)
  Source:            TUBE3B<4> (PAD)
  Destination:       tube3B4/TUBE_LATCH (LATCH)
  Destination Clock: tube3B4/Q rising

  Data Path: TUBE3B<4> to tube3B4/TUBE_LATCH
                                Gate     Net
    Cell:in->out      fanout   Delay   Delay  Logical Name (Net Name)
    ----------------------------------------  ------------
     IBUF:I->O             1   1.106   0.357  TUBE3B_4_IBUF (TUBE3B_4_IBUF)
     LDCE:D                    0.268          tube3B4/TUBE_LATCH
    ----------------------------------------
    Total                      1.731ns (1.374ns logic, 0.357ns route)
                                       (79.4% logic, 20.6% route)

=========================================================================
Timing constraint: Default OFFSET IN BEFORE for Clock 'tube3B3/Q'
  Total number of paths / destination ports: 1 / 1
-------------------------------------------------------------------------
Offset:              1.731ns (Levels of Logic = 1)
  Source:            TUBE3B<3> (PAD)
  Destination:       tube3B3/TUBE_LATCH (LATCH)
  Destination Clock: tube3B3/Q rising

  Data Path: TUBE3B<3> to tube3B3/TUBE_LATCH
                                Gate     Net
    Cell:in->out      fanout   Delay   Delay  Logical Name (Net Name)
    ----------------------------------------  ------------
     IBUF:I->O             1   1.106   0.357  TUBE3B_3_IBUF (TUBE3B_3_IBUF)
     LDCE:D                    0.268          tube3B3/TUBE_LATCH
    ----------------------------------------
    Total                      1.731ns (1.374ns logic, 0.357ns route)
                                       (79.4% logic, 20.6% route)

=========================================================================
Timing constraint: Default OFFSET IN BEFORE for Clock 'tube3B2/Q'
  Total number of paths / destination ports: 1 / 1
-------------------------------------------------------------------------
Offset:              1.731ns (Levels of Logic = 1)
  Source:            TUBE3B<2> (PAD)
  Destination:       tube3B2/TUBE_LATCH (LATCH)
  Destination Clock: tube3B2/Q rising

  Data Path: TUBE3B<2> to tube3B2/TUBE_LATCH
                                Gate     Net
    Cell:in->out      fanout   Delay   Delay  Logical Name (Net Name)
    ----------------------------------------  ------------
     IBUF:I->O             1   1.106   0.357  TUBE3B_2_IBUF (TUBE3B_2_IBUF)
     LDCE:D                    0.268          tube3B2/TUBE_LATCH
    ----------------------------------------
    Total                      1.731ns (1.374ns logic, 0.357ns route)
                                       (79.4% logic, 20.6% route)

=========================================================================
Timing constraint: Default OFFSET IN BEFORE for Clock 'tube3B1/Q'
  Total number of paths / destination ports: 1 / 1
-------------------------------------------------------------------------
Offset:              1.731ns (Levels of Logic = 1)
  Source:            TUBE3B<1> (PAD)
  Destination:       tube3B1/TUBE_LATCH (LATCH)
  Destination Clock: tube3B1/Q rising

  Data Path: TUBE3B<1> to tube3B1/TUBE_LATCH
                                Gate     Net
    Cell:in->out      fanout   Delay   Delay  Logical Name (Net Name)
    ----------------------------------------  ------------
     IBUF:I->O             1   1.106   0.357  TUBE3B_1_IBUF (TUBE3B_1_IBUF)
     LDCE:D                    0.268          tube3B1/TUBE_LATCH
    ----------------------------------------
    Total                      1.731ns (1.374ns logic, 0.357ns route)
                                       (79.4% logic, 20.6% route)

=========================================================================
Timing constraint: Default OFFSET IN BEFORE for Clock 'tube3B0/Q'
  Total number of paths / destination ports: 1 / 1
-------------------------------------------------------------------------
Offset:              1.731ns (Levels of Logic = 1)
  Source:            TUBE3B<0> (PAD)
  Destination:       tube3B0/TUBE_LATCH (LATCH)
  Destination Clock: tube3B0/Q rising

  Data Path: TUBE3B<0> to tube3B0/TUBE_LATCH
                                Gate     Net
    Cell:in->out      fanout   Delay   Delay  Logical Name (Net Name)
    ----------------------------------------  ------------
     IBUF:I->O             1   1.106   0.357  TUBE3B_0_IBUF (TUBE3B_0_IBUF)
     LDCE:D                    0.268          tube3B0/TUBE_LATCH
    ----------------------------------------
    Total                      1.731ns (1.374ns logic, 0.357ns route)
                                       (79.4% logic, 20.6% route)

=========================================================================
Timing constraint: Default OFFSET IN BEFORE for Clock 'tube3A7/Q'
  Total number of paths / destination ports: 1 / 1
-------------------------------------------------------------------------
Offset:              1.731ns (Levels of Logic = 1)
  Source:            TUBE3A<7> (PAD)
  Destination:       tube3A7/TUBE_LATCH (LATCH)
  Destination Clock: tube3A7/Q rising

  Data Path: TUBE3A<7> to tube3A7/TUBE_LATCH
                                Gate     Net
    Cell:in->out      fanout   Delay   Delay  Logical Name (Net Name)
    ----------------------------------------  ------------
     IBUF:I->O             1   1.106   0.357  TUBE3A_7_IBUF (TUBE3A_7_IBUF)
     LDCE:D                    0.268          tube3A7/TUBE_LATCH
    ----------------------------------------
    Total                      1.731ns (1.374ns logic, 0.357ns route)
                                       (79.4% logic, 20.6% route)

=========================================================================
Timing constraint: Default OFFSET IN BEFORE for Clock 'tube3A6/Q'
  Total number of paths / destination ports: 1 / 1
-------------------------------------------------------------------------
Offset:              1.731ns (Levels of Logic = 1)
  Source:            TUBE3A<6> (PAD)
  Destination:       tube3A6/TUBE_LATCH (LATCH)
  Destination Clock: tube3A6/Q rising

  Data Path: TUBE3A<6> to tube3A6/TUBE_LATCH
                                Gate     Net
    Cell:in->out      fanout   Delay   Delay  Logical Name (Net Name)
    ----------------------------------------  ------------
     IBUF:I->O             1   1.106   0.357  TUBE3A_6_IBUF (TUBE3A_6_IBUF)
     LDCE:D                    0.268          tube3A6/TUBE_LATCH
    ----------------------------------------
    Total                      1.731ns (1.374ns logic, 0.357ns route)
                                       (79.4% logic, 20.6% route)

=========================================================================
Timing constraint: Default OFFSET IN BEFORE for Clock 'tube3A5/Q'
  Total number of paths / destination ports: 1 / 1
-------------------------------------------------------------------------
Offset:              1.731ns (Levels of Logic = 1)
  Source:            TUBE3A<5> (PAD)
  Destination:       tube3A5/TUBE_LATCH (LATCH)
  Destination Clock: tube3A5/Q rising

  Data Path: TUBE3A<5> to tube3A5/TUBE_LATCH
                                Gate     Net
    Cell:in->out      fanout   Delay   Delay  Logical Name (Net Name)
    ----------------------------------------  ------------
     IBUF:I->O             1   1.106   0.357  TUBE3A_5_IBUF (TUBE3A_5_IBUF)
     LDCE:D                    0.268          tube3A5/TUBE_LATCH
    ----------------------------------------
    Total                      1.731ns (1.374ns logic, 0.357ns route)
                                       (79.4% logic, 20.6% route)

=========================================================================
Timing constraint: Default OFFSET IN BEFORE for Clock 'tube3A4/Q'
  Total number of paths / destination ports: 1 / 1
-------------------------------------------------------------------------
Offset:              1.731ns (Levels of Logic = 1)
  Source:            TUBE3A<4> (PAD)
  Destination:       tube3A4/TUBE_LATCH (LATCH)
  Destination Clock: tube3A4/Q rising

  Data Path: TUBE3A<4> to tube3A4/TUBE_LATCH
                                Gate     Net
    Cell:in->out      fanout   Delay   Delay  Logical Name (Net Name)
    ----------------------------------------  ------------
     IBUF:I->O             1   1.106   0.357  TUBE3A_4_IBUF (TUBE3A_4_IBUF)
     LDCE:D                    0.268          tube3A4/TUBE_LATCH
    ----------------------------------------
    Total                      1.731ns (1.374ns logic, 0.357ns route)
                                       (79.4% logic, 20.6% route)

=========================================================================
Timing constraint: Default OFFSET IN BEFORE for Clock 'tube3A3/Q'
  Total number of paths / destination ports: 1 / 1
-------------------------------------------------------------------------
Offset:              1.731ns (Levels of Logic = 1)
  Source:            TUBE3A<3> (PAD)
  Destination:       tube3A3/TUBE_LATCH (LATCH)
  Destination Clock: tube3A3/Q rising

  Data Path: TUBE3A<3> to tube3A3/TUBE_LATCH
                                Gate     Net
    Cell:in->out      fanout   Delay   Delay  Logical Name (Net Name)
    ----------------------------------------  ------------
     IBUF:I->O             1   1.106   0.357  TUBE3A_3_IBUF (TUBE3A_3_IBUF)
     LDCE:D                    0.268          tube3A3/TUBE_LATCH
    ----------------------------------------
    Total                      1.731ns (1.374ns logic, 0.357ns route)
                                       (79.4% logic, 20.6% route)

=========================================================================
Timing constraint: Default OFFSET IN BEFORE for Clock 'tube3A2/Q'
  Total number of paths / destination ports: 1 / 1
-------------------------------------------------------------------------
Offset:              1.731ns (Levels of Logic = 1)
  Source:            TUBE3A<2> (PAD)
  Destination:       tube3A2/TUBE_LATCH (LATCH)
  Destination Clock: tube3A2/Q rising

  Data Path: TUBE3A<2> to tube3A2/TUBE_LATCH
                                Gate     Net
    Cell:in->out      fanout   Delay   Delay  Logical Name (Net Name)
    ----------------------------------------  ------------
     IBUF:I->O             1   1.106   0.357  TUBE3A_2_IBUF (TUBE3A_2_IBUF)
     LDCE:D                    0.268          tube3A2/TUBE_LATCH
    ----------------------------------------
    Total                      1.731ns (1.374ns logic, 0.357ns route)
                                       (79.4% logic, 20.6% route)

=========================================================================
Timing constraint: Default OFFSET IN BEFORE for Clock 'tube3A1/Q'
  Total number of paths / destination ports: 1 / 1
-------------------------------------------------------------------------
Offset:              1.731ns (Levels of Logic = 1)
  Source:            TUBE3A<1> (PAD)
  Destination:       tube3A1/TUBE_LATCH (LATCH)
  Destination Clock: tube3A1/Q rising

  Data Path: TUBE3A<1> to tube3A1/TUBE_LATCH
                                Gate     Net
    Cell:in->out      fanout   Delay   Delay  Logical Name (Net Name)
    ----------------------------------------  ------------
     IBUF:I->O             1   1.106   0.357  TUBE3A_1_IBUF (TUBE3A_1_IBUF)
     LDCE:D                    0.268          tube3A1/TUBE_LATCH
    ----------------------------------------
    Total                      1.731ns (1.374ns logic, 0.357ns route)
                                       (79.4% logic, 20.6% route)

=========================================================================
Timing constraint: Default OFFSET IN BEFORE for Clock 'tube3A0/Q'
  Total number of paths / destination ports: 1 / 1
-------------------------------------------------------------------------
Offset:              1.731ns (Levels of Logic = 1)
  Source:            TUBE3A<0> (PAD)
  Destination:       tube3A0/TUBE_LATCH (LATCH)
  Destination Clock: tube3A0/Q rising

  Data Path: TUBE3A<0> to tube3A0/TUBE_LATCH
                                Gate     Net
    Cell:in->out      fanout   Delay   Delay  Logical Name (Net Name)
    ----------------------------------------  ------------
     IBUF:I->O             1   1.106   0.357  TUBE3A_0_IBUF (TUBE3A_0_IBUF)
     LDCE:D                    0.268          tube3A0/TUBE_LATCH
    ----------------------------------------
    Total                      1.731ns (1.374ns logic, 0.357ns route)
                                       (79.4% logic, 20.6% route)

=========================================================================
Timing constraint: Default OFFSET OUT AFTER for Clock 'clk100'
  Total number of paths / destination ports: 1 / 1
-------------------------------------------------------------------------
Offset:              4.040ns (Levels of Logic = 2)
  Source:            fifo/U0/xst_fifo_generator/gconvfifo.rf/grf.rf/gntv_or_sync_fifo.gl0.wr/gwas.wsts/ram_full_i (FF)
  Destination:       overflowLight (PAD)
  Source Clock:      clk100 rising

  Data Path: fifo/U0/xst_fifo_generator/gconvfifo.rf/grf.rf/gntv_or_sync_fifo.gl0.wr/gwas.wsts/ram_full_i to overflowLight
                                Gate     Net
    Cell:in->out      fanout   Delay   Delay  Logical Name (Net Name)
    ----------------------------------------  ------------
     FDP:C->Q              1   0.514   0.357  U0/xst_fifo_generator/gconvfifo.rf/grf.rf/gntv_or_sync_fifo.gl0.wr/gwas.wsts/ram_full_i (full)
     end scope: 'fifo'
     OBUF:I->O                 3.169          overflowLight_OBUF (overflowLight)
    ----------------------------------------
    Total                      4.040ns (3.683ns logic, 0.357ns route)
                                       (91.2% logic, 8.8% route)

=========================================================================
Timing constraint: Default OFFSET OUT AFTER for Clock 'RD_CLK'
  Total number of paths / destination ports: 18 / 18
-------------------------------------------------------------------------
Offset:              5.962ns (Levels of Logic = 2)
  Source:            fifo/U0/xst_fifo_generator/gconvfifo.rf/grf.rf/gntv_or_sync_fifo.mem/gbm.gbmg.gbmga.ngecc.bmg/gnativebmg.native_blk_mem_gen/valid.cstr/ramloop[0].ram.r/s3_noinit.ram/dpram.dp18x18.ram (RAM)
  Destination:       OTUBE<0> (PAD)
  Source Clock:      RD_CLK rising

  Data Path: fifo/U0/xst_fifo_generator/gconvfifo.rf/grf.rf/gntv_or_sync_fifo.mem/gbm.gbmg.gbmga.ngecc.bmg/gnativebmg.native_blk_mem_gen/valid.cstr/ramloop[0].ram.r/s3_noinit.ram/dpram.dp18x18.ram to OTUBE<0>
                                Gate     Net
    Cell:in->out      fanout   Delay   Delay  Logical Name (Net Name)
    ----------------------------------------  ------------
     RAMB16_S18_S18:CLKB->DOB15    1   2.436   0.357  U0/xst_fifo_generator/gconvfifo.rf/grf.rf/gntv_or_sync_fifo.mem/gbm.gbmg.gbmga.ngecc.bmg/gnativebmg.native_blk_mem_gen/valid.cstr/ramloop[0].ram.r/s3_noinit.ram/dpram.dp18x18.ram (dout<15>)
     end scope: 'fifo'
     OBUF:I->O                 3.169          OTUBE_0_OBUF (OTUBE<0>)
    ----------------------------------------
    Total                      5.962ns (5.605ns logic, 0.357ns route)
                                       (94.0% logic, 6.0% route)

=========================================================================


Total REAL time to Xst completion: 11.00 secs
Total CPU time to Xst completion: 11.12 secs
 
--> 

Total memory usage is 284780 kilobytes

Number of errors   :    0 (   0 filtered)
Number of warnings :   65 (   0 filtered)
Number of infos    :   10 (   0 filtered)

