MO fifo16x1024 NULL ipcore_dir/fifo16x1024.v vlg76/fifo16x1024.bin 1500327198
MO chipscope_icon NULL ipcore_dir/chipscope_icon.v vlg52/chipscope__icon.bin 1499955796
MO main NULL main.v vlg2D/main.bin 1500327198
MO chipscope_ila NULL ipcore_dir/chipscope_ila.v vlg33/chipscope__ila.bin 1500327198
MO Tube NULL tube.v vlg40/_tube.bin 1500327198
